// Vitest Snapshot v1, https://vitest.dev/guide/snapshot.html

exports[`Sidebar component > renders ready state with props and matches snapshot 1`] = `
<div>
  <aside
    aria-label="Recipe sidebar"
    class="max-w-md w-full bg-white dark:bg-gray-900 border-l border-gray-200 dark:border-gray-800 p-4 sm:p-6 "
    role="complementary"
  >
    <div
      class="space-y-4"
    >
      <header
        class="flex items-start justify-between"
      >
        <div>
          <h2
            class="text-lg font-bold text-gray-900 dark:text-gray-100"
            tabindex="0"
          >
            Test Recipe
          </h2>
          <p
            class="text-sm text-gray-600 dark:text-gray-400 mt-1"
          >
            Quick summary
          </p>
        </div>
        <div>
          <button
            aria-label="Open chat"
            class="p-2 rounded hover:bg-gray-100 dark:hover:bg-gray-800"
            title="Open chat"
          >
            <span
              aria-hidden="true"
              class="text-xl"
            >
              ðŸ’¬
            </span>
          </button>
        </div>
      </header>
      <section
        aria-label="summary"
        class="text-sm text-gray-700 dark:text-gray-300"
      >
        <ul
          class="list-disc list-inside space-y-1"
        >
          <li>
            Step 1
          </li>
          <li>
            Step 2
          </li>
        </ul>
      </section>
      <section
        aria-label="ingredients"
        class="mt-4"
      >
        <h3
          class="font-medium text-gray-800 dark:text-gray-200 mb-2"
        >
          Ingredients
        </h3>
        <div
          class="mt-1"
        >
          <button
            aria-label="Localize ingredients"
            class="px-2 py-1 bg-yellow-600 text-white rounded text-sm hover:bg-yellow-700 focus:outline-none"
          >
            Localize
          </button>
        </div>
        <details
          class="bg-gray-50 dark:bg-gray-800 border border-gray-100 dark:border-gray-800 rounded p-2"
        >
          <summary
            class="cursor-pointer font-medium text-gray-800 dark:text-gray-100"
          >
            Show full ingredient list (
            0
            )
          </summary>
          <div
            class="text-sm text-gray-500 mt-2"
          >
            No ingredients detected.
          </div>
        </details>
      </section>
      <section
        aria-label="full-recipe"
        class="mt-4"
      >
        <h3
          class="font-medium text-gray-800 dark:text-gray-200 mb-2"
        >
          Full recipe
        </h3>
        <details
          class="bg-gray-50 dark:bg-gray-800 border border-gray-100 dark:border-gray-800 rounded p-2"
        >
          <summary
            class="cursor-pointer font-medium text-gray-800 dark:text-gray-100"
          >
            Show full recipe instructions (
            0
             steps)
          </summary>
          <div
            class="text-sm text-gray-500 mt-2"
          >
            No instructions detected.
          </div>
        </details>
      </section>
      <section
        aria-label="nutrition"
        class="text-sm"
      >
        <div
          class="flex items-center justify-between"
        >
          <h3
            class="font-medium text-gray-800 dark:text-gray-200"
          >
            Nutrition
          </h3>
          <div>
            <button
              class="px-2 py-1 text-xs bg-orange-600 text-white rounded"
            >
              Get Nutrition
            </button>
          </div>
        </div>
        <div
          class="mt-2 text-gray-500"
        >
          No nutrition data. Click "Get Nutrition" to estimate nutrition using the Gemini API.
        </div>
      </section>
      <section
        aria-label="allergen alerts"
      >
        <div
          class="flex items-center justify-between"
        >
          <h3
            class="font-medium text-gray-800 dark:text-gray-200"
          >
            Allergen alerts
          </h3>
          <div>
            <button
              class="px-2 py-1 text-xs bg-red-600 text-white rounded"
            >
              Detect allergens
            </button>
          </div>
        </div>
        <ul
          class="mt-2 space-y-2"
        >
          <li
            aria-label="Alert: nuts in almond milk"
            class="p-2 rounded border border-red-200 dark:border-red-800 bg-red-50 dark:bg-red-900/30"
            tabindex="0"
          >
            <div
              class="flex items-center justify-between"
            >
              <div>
                <div
                  class="font-medium text-red-800 dark:text-red-200"
                >
                  nuts
                </div>
                <div
                  class="text-sm text-gray-700 dark:text-gray-300"
                >
                  almond milk
                </div>
              </div>
              <div
                class="text-sm text-red-700 dark:text-red-300"
              >
                98
                %
              </div>
            </div>
            <div
              class="text-xs text-gray-600 dark:text-gray-400 mt-1"
            >
              contains almond
            </div>
          </li>
        </ul>
      </section>
      <section
        aria-label="actions"
        class="mt-4"
      >
        <h3
          class="font-medium text-gray-800 dark:text-gray-200"
        >
          Actions
        </h3>
        <div
          class="mt-2 flex gap-2 flex-wrap"
        >
          <div
            class="flex items-center gap-2 px-3 py-2 bg-gray-100 dark:bg-gray-800 rounded"
          >
            <label
              class="text-sm"
            >
              Privacy mode
            </label>
            <button
              aria-pressed="true"
              class="ml-2 w-12 h-6 rounded-full p-0 bg-green-500"
            >
              <span
                aria-hidden="true"
                class="block w-5 h-5 bg-white rounded-full transform transition-transform translate-x-6"
              />
            </button>
          </div>
        </div>
      </section>
    </div>
  </aside>
</div>
`;
